*** EVALUATION ***
PROGRAM "Practica1RTC.abs"

*********************************************************************************************
TARGET SECTION
---------------------------------------------------------------------------------------------
Processor   : Freescale HC08
Memory Model: SMALL
File Format : ELF\DWARF 2.0
Linker      : SmartLinker V-5.0.51 Build 14019, Jan 20 2014

*********************************************************************************************
FILE SECTION
---------------------------------------------------------------------------------------------
main_c.obj                              Model: SMALL,         Lang: ANSI-C
start08_c.obj                           Model: SMALL,         Lang: ANSI-C
driver_i2c_c.obj                        Model: SMALL,         Lang: ANSI-C
events_c.obj                            Model: SMALL,         Lang: ANSI-C
general_c.obj                           Model: SMALL,         Lang: ANSI-C
lcd_c.obj                               Model: SMALL,         Lang: ANSI-C
mc9s08jm60_c.obj                        Model: SMALL,         Lang: ANSI-C
realtimec_c.obj                         Model: SMALL,         Lang: ANSI-C
sci_c.obj                               Model: SMALL,         Lang: ANSI-C
timer_c.obj                             Model: SMALL,         Lang: ANSI-C
rtshc08.o (ansiis.lib)                  Model: SMALL,         Lang: ANSI-C
string.o (ansiis.lib)                   Model: SMALL,         Lang: ANSI-C

*********************************************************************************************
STARTUP SECTION
---------------------------------------------------------------------------------------------
Entry point: 0x19DB (_Startup)
_startupData is allocated at 0x19E4 and uses 6 Bytes
extern struct _tagStartup {
  unsigned nofZeroOut     1
  _Range   pZeroOut       0x100     60
  _Copy    *toCopyDownBeg 0x2E0D
} _startupData;

*********************************************************************************************
SECTION-ALLOCATION SECTION
Section Name                    Size  Type     From       To       Segment
---------------------------------------------------------------------------------------------
.init                            132     R     0x1960     0x19E3   ROM
.startData                        18     R     0x19E4     0x19F5   ROM
.rodata                          141     R     0x19F6     0x1A82   ROM
.text                           5002     R     0x1A83     0x2E0C   ROM
.copy                              2     R     0x2E0D     0x2E0E   ROM
.abs_section_0                     1   N/I        0x0        0x0   .absSeg2
.abs_section_1                     1   N/I        0x1        0x1   .absSeg3
.abs_section_2                     1   N/I        0x2        0x2   .absSeg4
.abs_section_3                     1   N/I        0x3        0x3   .absSeg5
.abs_section_4                     1   N/I        0x4        0x4   .absSeg6
.abs_section_5                     1   N/I        0x5        0x5   .absSeg7
.abs_section_6                     1   N/I        0x6        0x6   .absSeg8
.abs_section_7                     1   N/I        0x7        0x7   .absSeg9
.abs_section_8                     1   N/I        0x8        0x8   .absSeg10
.abs_section_9                     1   N/I        0x9        0x9   .absSeg11
.abs_section_a                     1   N/I        0xA        0xA   .absSeg12
.abs_section_b                     1   N/I        0xB        0xB   .absSeg13
.abs_section_c                     1   N/I        0xC        0xC   .absSeg14
.abs_section_d                     1   N/I        0xD        0xD   .absSeg15
.abs_section_e                     1   N/I        0xE        0xE   .absSeg16
.abs_section_10                    1   N/I       0x10       0x10   .absSeg17
.abs_section_11                    1   N/I       0x11       0x11   .absSeg18
.abs_section_16                    1   N/I       0x16       0x16   .absSeg19
.abs_section_17                    1   N/I       0x17       0x17   .absSeg20
.abs_section_18                    1   N/I       0x18       0x18   .absSeg21
.abs_section_1b                    1   N/I       0x1B       0x1B   .absSeg22
.abs_section_1c                    1   N/I       0x1C       0x1C   .absSeg23
.abs_section_1d                    1   N/I       0x1D       0x1D   .absSeg24
.abs_section_1e                    1   N/I       0x1E       0x1E   .absSeg25
.abs_section_20                    1   N/I       0x20       0x20   .absSeg26
.abs_section_25                    1   N/I       0x25       0x25   .absSeg27
.abs_section_28                    1   N/I       0x28       0x28   .absSeg28
.abs_section_2b                    1   N/I       0x2B       0x2B   .absSeg29
.abs_section_2e                    1   N/I       0x2E       0x2E   .absSeg30
.abs_section_31                    1   N/I       0x31       0x31   .absSeg31
.abs_section_34                    1   N/I       0x34       0x34   .absSeg32
.abs_section_3a                    1   N/I       0x3A       0x3A   .absSeg33
.abs_section_3b                    1   N/I       0x3B       0x3B   .absSeg34
.abs_section_3c                    1   N/I       0x3C       0x3C   .absSeg35
.abs_section_3d                    1   N/I       0x3D       0x3D   .absSeg36
.abs_section_3e                    1   N/I       0x3E       0x3E   .absSeg37
.abs_section_3f                    1   N/I       0x3F       0x3F   .absSeg38
.abs_section_42                    1   N/I       0x42       0x42   .absSeg39
.abs_section_43                    1   N/I       0x43       0x43   .absSeg40
.abs_section_44                    1   N/I       0x44       0x44   .absSeg41
.abs_section_45                    1   N/I       0x45       0x45   .absSeg42
.abs_section_46                    1   N/I       0x46       0x46   .absSeg43
.abs_section_47                    1   N/I       0x47       0x47   .absSeg44
.abs_section_48                    1   N/I       0x48       0x48   .absSeg45
.abs_section_49                    1   N/I       0x49       0x49   .absSeg46
.abs_section_4a                    1   N/I       0x4A       0x4A   .absSeg47
.abs_section_4b                    1   N/I       0x4B       0x4B   .absSeg48
.abs_section_4c                    1   N/I       0x4C       0x4C   .absSeg49
.abs_section_50                    1   N/I       0x50       0x50   .absSeg50
.abs_section_51                    1   N/I       0x51       0x51   .absSeg51
.abs_section_52                    1   N/I       0x52       0x52   .absSeg52
.abs_section_53                    1   N/I       0x53       0x53   .absSeg53
.abs_section_58                    1   N/I       0x58       0x58   .absSeg54
.abs_section_59                    1   N/I       0x59       0x59   .absSeg55
.abs_section_5a                    1   N/I       0x5A       0x5A   .absSeg56
.abs_section_5b                    1   N/I       0x5B       0x5B   .absSeg57
.abs_section_5c                    1   N/I       0x5C       0x5C   .absSeg58
.abs_section_5d                    1   N/I       0x5D       0x5D   .absSeg59
.abs_section_60                    1   N/I       0x60       0x60   .absSeg60
.abs_section_65                    1   N/I       0x65       0x65   .absSeg61
.abs_section_68                    1   N/I       0x68       0x68   .absSeg62
.abs_section_6c                    1   N/I       0x6C       0x6C   .absSeg63
.abs_section_6d                    1   N/I       0x6D       0x6D   .absSeg64
.abs_section_6e                    1   N/I       0x6E       0x6E   .absSeg65
.abs_section_70                    1   N/I       0x70       0x70   .absSeg66
.abs_section_71                    1   N/I       0x71       0x71   .absSeg67
.abs_section_72                    1   N/I       0x72       0x72   .absSeg68
.abs_section_73                    1   N/I       0x73       0x73   .absSeg69
.abs_section_80                    1   N/I       0x80       0x80   .absSeg70
.abs_section_88                    1   N/I       0x88       0x88   .absSeg71
.abs_section_89                    1   N/I       0x89       0x89   .absSeg72
.abs_section_8a                    1   N/I       0x8A       0x8A   .absSeg73
.abs_section_90                    1   N/I       0x90       0x90   .absSeg74
.abs_section_91                    1   N/I       0x91       0x91   .absSeg75
.abs_section_92                    1   N/I       0x92       0x92   .absSeg76
.abs_section_93                    1   N/I       0x93       0x93   .absSeg77
.abs_section_94                    1   N/I       0x94       0x94   .absSeg78
.abs_section_95                    1   N/I       0x95       0x95   .absSeg79
.abs_section_96                    1   N/I       0x96       0x96   .absSeg80
.abs_section_97                    1   N/I       0x97       0x97   .absSeg81
.abs_section_98                    1   N/I       0x98       0x98   .absSeg82
.abs_section_9d                    1   N/I       0x9D       0x9D   .absSeg83
.abs_section_9e                    1   N/I       0x9E       0x9E   .absSeg84
.abs_section_9f                    1   N/I       0x9F       0x9F   .absSeg85
.abs_section_a0                    1   N/I       0xA0       0xA0   .absSeg86
.abs_section_a1                    1   N/I       0xA1       0xA1   .absSeg87
.abs_section_a2                    1   N/I       0xA2       0xA2   .absSeg88
.abs_section_a3                    1   N/I       0xA3       0xA3   .absSeg89
.abs_section_1800                  1   N/I     0x1800     0x1800   .absSeg90
.abs_section_1801                  1   N/I     0x1801     0x1801   .absSeg91
.abs_section_1802                  1   N/I     0x1802     0x1802   .absSeg92
.abs_section_1803                  1   N/I     0x1803     0x1803   .absSeg93
.abs_section_1809                  1   N/I     0x1809     0x1809   .absSeg94
.abs_section_180a                  1   N/I     0x180A     0x180A   .absSeg95
.abs_section_1816                  1   N/I     0x1816     0x1816   .absSeg96
.abs_section_1817                  1   N/I     0x1817     0x1817   .absSeg97
.abs_section_1818                  1   N/I     0x1818     0x1818   .absSeg98
.abs_section_1820                  1   N/I     0x1820     0x1820   .absSeg99
.abs_section_1821                  1   N/I     0x1821     0x1821   .absSeg100
.abs_section_1823                  1   N/I     0x1823     0x1823   .absSeg101
.abs_section_1824                  1   N/I     0x1824     0x1824   .absSeg102
.abs_section_1825                  1   N/I     0x1825     0x1825   .absSeg103
.abs_section_1826                  1   N/I     0x1826     0x1826   .absSeg104
.abs_section_1840                  1   N/I     0x1840     0x1840   .absSeg105
.abs_section_1841                  1   N/I     0x1841     0x1841   .absSeg106
.abs_section_1842                  1   N/I     0x1842     0x1842   .absSeg107
.abs_section_1844                  1   N/I     0x1844     0x1844   .absSeg108
.abs_section_1845                  1   N/I     0x1845     0x1845   .absSeg109
.abs_section_1846                  1   N/I     0x1846     0x1846   .absSeg110
.abs_section_1848                  1   N/I     0x1848     0x1848   .absSeg111
.abs_section_1849                  1   N/I     0x1849     0x1849   .absSeg112
.abs_section_184a                  1   N/I     0x184A     0x184A   .absSeg113
.abs_section_184c                  1   N/I     0x184C     0x184C   .absSeg114
.abs_section_184d                  1   N/I     0x184D     0x184D   .absSeg115
.abs_section_184e                  1   N/I     0x184E     0x184E   .absSeg116
.abs_section_1850                  1   N/I     0x1850     0x1850   .absSeg117
.abs_section_1851                  1   N/I     0x1851     0x1851   .absSeg118
.abs_section_1852                  1   N/I     0x1852     0x1852   .absSeg119
.abs_section_1854                  1   N/I     0x1854     0x1854   .absSeg120
.abs_section_1855                  1   N/I     0x1855     0x1855   .absSeg121
.abs_section_1856                  1   N/I     0x1856     0x1856   .absSeg122
.abs_section_1858                  1   N/I     0x1858     0x1858   .absSeg123
.abs_section_1859                  1   N/I     0x1859     0x1859   .absSeg124
.abs_section_185a                  1   N/I     0x185A     0x185A   .absSeg125
.abs_section_12                    2   N/I       0x12       0x13   .absSeg126
.abs_section_14                    2   N/I       0x14       0x15   .absSeg127
.abs_section_21                    2   N/I       0x21       0x22   .absSeg128
.abs_section_23                    2   N/I       0x23       0x24   .absSeg129
.abs_section_26                    2   N/I       0x26       0x27   .absSeg130
.abs_section_29                    2   N/I       0x29       0x2A   .absSeg131
.abs_section_2c                    2   N/I       0x2C       0x2D   .absSeg132
.abs_section_2f                    2   N/I       0x2F       0x30   .absSeg133
.abs_section_32                    2   N/I       0x32       0x33   .absSeg134
.abs_section_35                    2   N/I       0x35       0x36   .absSeg135
.abs_section_38                    2   N/I       0x38       0x39   .absSeg136
.abs_section_40                    2   N/I       0x40       0x41   .absSeg137
.abs_section_54                    2   N/I       0x54       0x55   .absSeg138
.abs_section_56                    2   N/I       0x56       0x57   .absSeg139
.abs_section_61                    2   N/I       0x61       0x62   .absSeg140
.abs_section_63                    2   N/I       0x63       0x64   .absSeg141
.abs_section_66                    2   N/I       0x66       0x67   .absSeg142
.abs_section_69                    2   N/I       0x69       0x6A   .absSeg143
.abs_section_74                    2   N/I       0x74       0x75   .absSeg144
.abs_section_76                    2   N/I       0x76       0x77   .absSeg145
.abs_section_1806                  2   N/I     0x1806     0x1807   .absSeg146
.abs_section_1810                  2   N/I     0x1810     0x1811   .absSeg147
.abs_section_1812                  2   N/I     0x1812     0x1813   .absSeg148
.abs_section_1814                  2   N/I     0x1814     0x1815   .absSeg149
.abs_section_ffd0                  2     R     0xFFD0     0xFFD1   .absSeg150
.abs_section_ffe0                  2     R     0xFFE0     0xFFE1   .absSeg151
.bss                              12   R/W      0x100      0x10B   RAM
.common                           48   R/W      0x10C      0x13B   RAM
.stack                           128   R/W      0x13C      0x1BB   RAM
.vectSeg152_vect                   2     R     0xFFFE     0xFFFF   .vectSeg152

Summary of section sizes per section type:
READ_ONLY (R):        14B5 (dec:     5301)
READ_WRITE (R/W):       BC (dec:      188)
NO_INIT (N/I):          AC (dec:      172)

*********************************************************************************************
VECTOR-ALLOCATION SECTION
    Address     InitValue   InitFunction
---------------------------------------------------------------------------------------------
     0xFFFE        0x19DB   _Startup

*********************************************************************************************
OBJECT-ALLOCATION SECTION
     Name               Module                 Addr   hSize   dSize     Ref    Section   RLIB
---------------------------------------------------------------------------------------------
MODULE:                 -- main_c.obj --
- PROCEDURES:
     main                                      1A83      20      32       1   .text       
- VARIABLES:
MODULE:                 -- start08_c.obj --
- PROCEDURES:
     loadByte                                  1960       E      14       5   .init       
     Init                                      196E      6D     109       1   .init       
     _Startup                                  19DB       9       9       0   .init       
- VARIABLES:
     _startupData                              19E4       6       6       4   .startData  
- LABELS:
     __SEG_END_SSTACK                           1BC       0       0       1               
MODULE:                 -- driver_i2c_c.obj --
- PROCEDURES:
     Write_Data_I2C                            1AA3      3E      62       2   .text       
     Write_Data_RTC_I2C                        1AE1      5C      92       2   .text       
     Read_Data_RTC_I2C                         1B3D      94     148       1   .text       
     _Start_I2C                                1BD1      16      22       4   .text       
     _Re_Start_I2C                             1BE7       2       2       1   .text       
     _Write_Frame_I2C                          1BE9      5C      92       8   .text       
     _Read_Frame_I2C                           1C45      5C      92       1   .text       
     _Stop_I2C                                 1CA1      11      17       6   .text       
     _Delay_I2C                                1CB2      6E     110      13   .text       
- VARIABLES:
     _var_rtc                                   100       7       7      45   .bss        
     _char_i2c_tx_rx                            107       1       1      14   .bss        
MODULE:                 -- events_c.obj --
- PROCEDURES:
     Process_Events                            1D20     175     373       7   .text       
- VARIABLES:
     countr                                     108       1       1       9   .bss        
MODULE:                 -- general_c.obj --
- PROCEDURES:
     SYSTEM_INIT                               1E95       6       6       1   .text       
     MCG_Init                                  1E9B      38      56       1   .text       
- VARIABLES:
MODULE:                 -- lcd_c.obj --
- PROCEDURES:
     LCD_Clear                                 1ED3      3A      58       2   .text       
     LCD_EntryModSet                           1F0D      52      82       1   .text       
     LCD_OnOffControl                          1F5F      58      88       1   .text       
     LCD_FunctionSet                           1FB7      58      88       1   .text       
     LCD_SetAddrDDRAM                          200F      51      81       3   .text       
     LCD_SetDataRAM                            2060      49      73       3   .text       
     LCD_Initialize                            20A9      22      34       1   .text       
     LCDWriteMsg                               20CB      27      39       7   .text       
     LCDWriteCenterMsg                         20F2      36      54       1   .text       
     LCDClearLine                              2128      1F      31       1   .text       
     tDelay                                    2147      17      23       8   .text       
     tDelayLarge                               215E     988    2440       4   .text       
     LCD_Init                                  2AE6      51      81       1   .text       
- VARIABLES:
     _LCD_Port_Data                               0       1       1      34   .abs_section_0
     _LCD_Port_Data_Dir                           1       1       1       2   .abs_section_1
MODULE:                 -- mc9s08jm60_c.obj --
- PROCEDURES:
- VARIABLES:
     _PTAD                                        0       1       1      23   .abs_section_0
     _PTADD                                       1       1       1       8   .abs_section_1
     _PTBD                                        2       1       1       0   .abs_section_2
     _PTBDD                                       3       1       1       0   .abs_section_3
     _PTCD                                        4       1       1      36   .abs_section_4
     _PTCDD                                       5       1       1       3   .abs_section_5
     _PTDD                                        6       1       1       0   .abs_section_6
     _PTDDD                                       7       1       1       0   .abs_section_7
     _PTED                                        8       1       1       0   .abs_section_8
     _PTEDD                                       9       1       1       0   .abs_section_9
     _PTFD                                        A       1       1       0   .abs_section_a
     _PTFDD                                       B       1       1       0   .abs_section_b
     _PTGD                                        C       1       1       0   .abs_section_c
     _PTGDD                                       D       1       1       0   .abs_section_d
     _ACMPSC                                      E       1       1       0   .abs_section_e
     _ADCSC1                                     10       1       1       0   .abs_section_10
     _ADCSC2                                     11       1       1       0   .abs_section_11
     _ADCCFG                                     16       1       1       0   .abs_section_16
     _APCTL1                                     17       1       1       0   .abs_section_17
     _APCTL2                                     18       1       1       0   .abs_section_18
     _IRQSC                                      1B       1       1       0   .abs_section_1b
     _KBISC                                      1C       1       1       0   .abs_section_1c
     _KBIPE                                      1D       1       1       0   .abs_section_1d
     _KBIES                                      1E       1       1       0   .abs_section_1e
     _TPM1SC                                     20       1       1       6   .abs_section_20
     _TPM1C0SC                                   25       1       1       0   .abs_section_25
     _TPM1C1SC                                   28       1       1       0   .abs_section_28
     _TPM1C2SC                                   2B       1       1       0   .abs_section_2b
     _TPM1C3SC                                   2E       1       1       0   .abs_section_2e
     _TPM1C4SC                                   31       1       1       0   .abs_section_31
     _TPM1C5SC                                   34       1       1       0   .abs_section_34
     _SCI1C1                                     3A       1       1       0   .abs_section_3a
     _SCI1C2                                     3B       1       1       0   .abs_section_3b
     _SCI1S1                                     3C       1       1       0   .abs_section_3c
     _SCI1S2                                     3D       1       1       0   .abs_section_3d
     _SCI1C3                                     3E       1       1       0   .abs_section_3e
     _SCI1D                                      3F       1       1       0   .abs_section_3f
     _SCI2C1                                     42       1       1       0   .abs_section_42
     _SCI2C2                                     43       1       1       1   .abs_section_43
     _SCI2S1                                     44       1       1       2   .abs_section_44
     _SCI2S2                                     45       1       1       0   .abs_section_45
     _SCI2C3                                     46       1       1       0   .abs_section_46
     _SCI2D                                      47       1       1       2   .abs_section_47
     _MCGC1                                      48       1       1       5   .abs_section_48
     _MCGC2                                      49       1       1       3   .abs_section_49
     _MCGTRM                                     4A       1       1       0   .abs_section_4a
     _MCGSC                                      4B       1       1       6   .abs_section_4b
     _MCGC3                                      4C       1       1       1   .abs_section_4c
     _SPI1C1                                     50       1       1       0   .abs_section_50
     _SPI1C2                                     51       1       1       0   .abs_section_51
     _SPI1BR                                     52       1       1       0   .abs_section_52
     _SPI1S                                      53       1       1       0   .abs_section_53
     _IICA                                       58       1       1       0   .abs_section_58
     _IICF                                       59       1       1       0   .abs_section_59
     _IICC1                                      5A       1       1       0   .abs_section_5a
     _IICS                                       5B       1       1       0   .abs_section_5b
     _IICD                                       5C       1       1       0   .abs_section_5c
     _IICC2                                      5D       1       1       0   .abs_section_5d
     _TPM2SC                                     60       1       1       0   .abs_section_60
     _TPM2C0SC                                   65       1       1       0   .abs_section_65
     _TPM2C1SC                                   68       1       1       0   .abs_section_68
     _RTCSC                                      6C       1       1       0   .abs_section_6c
     _RTCCNT                                     6D       1       1       0   .abs_section_6d
     _RTCMOD                                     6E       1       1       0   .abs_section_6e
     _SPI2C1                                     70       1       1       0   .abs_section_70
     _SPI2C2                                     71       1       1       0   .abs_section_71
     _SPI2BR                                     72       1       1       0   .abs_section_72
     _SPI2S                                      73       1       1       0   .abs_section_73
     _USBCTL0                                    80       1       1       0   .abs_section_80
     _PERID                                      88       1       1       0   .abs_section_88
     _IDCOMP                                     89       1       1       0   .abs_section_89
     _REV                                        8A       1       1       0   .abs_section_8a
     _INTSTAT                                    90       1       1       0   .abs_section_90
     _INTENB                                     91       1       1       0   .abs_section_91
     _ERRSTAT                                    92       1       1       0   .abs_section_92
     _ERRENB                                     93       1       1       0   .abs_section_93
     _STAT                                       94       1       1       0   .abs_section_94
     _CTL                                        95       1       1       0   .abs_section_95
     _ADDR                                       96       1       1       0   .abs_section_96
     _FRMNUML                                    97       1       1       0   .abs_section_97
     _FRMNUMH                                    98       1       1       0   .abs_section_98
     _EPCTL0                                     9D       1       1       0   .abs_section_9d
     _EPCTL1                                     9E       1       1       0   .abs_section_9e
     _EPCTL2                                     9F       1       1       0   .abs_section_9f
     _EPCTL3                                     A0       1       1       0   .abs_section_a0
     _EPCTL4                                     A1       1       1       0   .abs_section_a1
     _EPCTL5                                     A2       1       1       0   .abs_section_a2
     _EPCTL6                                     A3       1       1       0   .abs_section_a3
     _SRS                                      1800       1       1       0   .abs_section_1800
     _SBDFR                                    1801       1       1       0   .abs_section_1801
     _SOPT1                                    1802       1       1       1   .abs_section_1802
     _SOPT2                                    1803       1       1       0   .abs_section_1803
     _SPMSC1                                   1809       1       1       0   .abs_section_1809
     _SPMSC2                                   180A       1       1       0   .abs_section_180a
     _DBGC                                     1816       1       1       0   .abs_section_1816
     _DBGT                                     1817       1       1       0   .abs_section_1817
     _DBGS                                     1818       1       1       0   .abs_section_1818
     _FCDIV                                    1820       1       1       0   .abs_section_1820
     _FOPT                                     1821       1       1       0   .abs_section_1821
     _FCNFG                                    1823       1       1       0   .abs_section_1823
     _FPROT                                    1824       1       1       0   .abs_section_1824
     _FSTAT                                    1825       1       1       0   .abs_section_1825
     _FCMD                                     1826       1       1       0   .abs_section_1826
     _PTAPE                                    1840       1       1       0   .abs_section_1840
     _PTASE                                    1841       1       1       0   .abs_section_1841
     _PTADS                                    1842       1       1       0   .abs_section_1842
     _PTBPE                                    1844       1       1       0   .abs_section_1844
     _PTBSE                                    1845       1       1       0   .abs_section_1845
     _PTBDS                                    1846       1       1       0   .abs_section_1846
     _PTCPE                                    1848       1       1       0   .abs_section_1848
     _PTCSE                                    1849       1       1       0   .abs_section_1849
     _PTCDS                                    184A       1       1       0   .abs_section_184a
     _PTDPE                                    184C       1       1       0   .abs_section_184c
     _PTDSE                                    184D       1       1       0   .abs_section_184d
     _PTDDS                                    184E       1       1       0   .abs_section_184e
     _PTEPE                                    1850       1       1       0   .abs_section_1850
     _PTESE                                    1851       1       1       0   .abs_section_1851
     _PTEDS                                    1852       1       1       0   .abs_section_1852
     _PTFPE                                    1854       1       1       0   .abs_section_1854
     _PTFSE                                    1855       1       1       0   .abs_section_1855
     _PTFDS                                    1856       1       1       0   .abs_section_1856
     _PTGPE                                    1858       1       1       0   .abs_section_1858
     _PTGSE                                    1859       1       1       0   .abs_section_1859
     _PTGDS                                    185A       1       1       0   .abs_section_185a
     _ADCR                                       12       2       2       0   .abs_section_12
     _ADCCV                                      14       2       2       0   .abs_section_14
     _TPM1CNT                                    21       2       2       0   .abs_section_21
     _TPM1MOD                                    23       2       2       1   .abs_section_23
     _TPM1C0V                                    26       2       2       0   .abs_section_26
     _TPM1C1V                                    29       2       2       0   .abs_section_29
     _TPM1C2V                                    2C       2       2       0   .abs_section_2c
     _TPM1C3V                                    2F       2       2       0   .abs_section_2f
     _TPM1C4V                                    32       2       2       0   .abs_section_32
     _TPM1C5V                                    35       2       2       0   .abs_section_35
     _SCI1BD                                     38       2       2       0   .abs_section_38
     _SCI2BD                                     40       2       2       1   .abs_section_40
     _SPI1D16                                    54       2       2       0   .abs_section_54
     _SPI1M                                      56       2       2       0   .abs_section_56
     _TPM2CNT                                    61       2       2       0   .abs_section_61
     _TPM2MOD                                    63       2       2       0   .abs_section_63
     _TPM2C0V                                    66       2       2       0   .abs_section_66
     _TPM2C1V                                    69       2       2       0   .abs_section_69
     _SPI2D16                                    74       2       2       0   .abs_section_74
     _SPI2M                                      76       2       2       0   .abs_section_76
     _SDID                                     1806       2       2       0   .abs_section_1806
     _DBGCA                                    1810       2       2       0   .abs_section_1810
     _DBGCB                                    1812       2       2       0   .abs_section_1812
     _DBGF                                     1814       2       2       0   .abs_section_1814
MODULE:                 -- realtimec_c.obj --
- PROCEDURES:
     RealTimeClock_Read                        2B37     146     326       5   .text       
     RealTimeClock_Init                        2C7D      D2     210       1   .text       
- VARIABLES:
     lcdMsg1                                   19F6       F      15       1   .rodata     
     lcdMsg5                                   1A05      11      17       2   .rodata     
     lcdMsg6                                   1A16      11      17       2   .rodata     
     lcdMsg3                                   1A27      1D      29       1   .rodata     
     lcdMsgRTCError                            1A44       A      10       1   .rodata     
     mdia1                                     1A4E       6       6       1   .rodata     
     mdia2                                     1A54       7       7       1   .rodata     
     mdia3                                     1A5B       A      10       1   .rodata     
     mdia4                                     1A65       7       7       1   .rodata     
     mdia5                                     1A6C       8       8       1   .rodata     
     mdia6                                     1A74       7       7       1   .rodata     
     mdia7                                     1A7B       8       8       1   .rodata     
     ValuesToRead                               10C      30      48      20   .common     
     count                                      109       1       1       2   .bss        
MODULE:                 -- sci_c.obj --
- PROCEDURES:
     SCI_Init                                  2D4F       7       7       1   .text       
     SCI_ISR                                   2D56      11      17       1   .text       
- VARIABLES:
     _Vector_23                                FFD0       2       2       0   .abs_section_ffd0
     valorx                                     10A       1       1      11   .bss        
MODULE:                 -- timer_c.obj --
- PROCEDURES:
     TPM_Init                                  2D67      10      16       1   .text       
     TPM1_Ov_ISR                               2D77       E      14       1   .text       
- VARIABLES:
     _Vector_15                                FFE0       2       2       0   .abs_section_ffe0
     _INT_EVENTS                                10B       1       1       7   .bss        
MODULE:                 -- rtshc08.o (ansiis.lib) --
- PROCEDURES:
     _IMUL_STAR08                              2D85      27      39       1   .text       
     _ICMP                                     2DAC      16      22       1   .text       
     _Jump_Table_Header_Offset                 2DC2      24      36       1   .text       
- VARIABLES:
MODULE:                 -- string.o (ansiis.lib) --
- PROCEDURES:
     strlen                                    2DE6      27      39       1   .text       
- VARIABLES:

*********************************************************************************************
MODULE STATISTIC
  Name                                      Data   Code  Const
---------------------------------------------------------------------------------------------
  main_c.obj                                   0     32      0
  start08_c.obj                                0    132      0
  driver_i2c_c.obj                             8    637      0
  events_c.obj                                 1    373      0
  general_c.obj                                0     62      0
  lcd_c.obj                                    2   3172      0
  mc9s08jm60_c.obj                           172      0      0
  realtimec_c.obj                             49    536    141
  sci_c.obj                                    1     24      2
  timer_c.obj                                  1     30      2
  rtshc08.o (ansiis.lib)                       0     97      0
  string.o (ansiis.lib)                        0     39      0
  other                                      128     20      2

*********************************************************************************************
SECTION USE IN OBJECT-ALLOCATION SECTION
---------------------------------------------------------------------------------------------
SECTION: ".text"
  main Write_Data_I2C Write_Data_RTC_I2C Read_Data_RTC_I2C _Start_I2C 
  _Re_Start_I2C _Write_Frame_I2C _Read_Frame_I2C _Stop_I2C _Delay_I2C 
  Process_Events SYSTEM_INIT MCG_Init LCD_Clear LCD_EntryModSet 
  LCD_OnOffControl LCD_FunctionSet LCD_SetAddrDDRAM LCD_SetDataRAM 
  LCD_Initialize LCDWriteMsg LCDWriteCenterMsg LCDClearLine tDelay tDelayLarge 
  LCD_Init RealTimeClock_Read RealTimeClock_Init SCI_Init SCI_ISR TPM_Init 
  TPM1_Ov_ISR _IMUL_STAR08 _ICMP _Jump_Table_Header_Offset strlen 
SECTION: ".bss"
  _var_rtc _char_i2c_tx_rx countr count valorx _INT_EVENTS 
SECTION: ".init"
  loadByte Init _Startup 
SECTION: ".rodata"
  lcdMsg1 lcdMsg5 lcdMsg6 lcdMsg3 lcdMsgRTCError mdia1 mdia2 mdia3 mdia4 mdia5 
  mdia6 mdia7 
SECTION: ".abs_section_0"
  _PTAD _LCD_Port_Data 
SECTION: ".abs_section_1"
  _PTADD _LCD_Port_Data_Dir 
SECTION: ".common"
  ValuesToRead 
SECTION: ".abs_section_2"
  _PTBD 
SECTION: ".abs_section_3"
  _PTBDD 
SECTION: ".abs_section_4"
  _PTCD 
SECTION: ".abs_section_5"
  _PTCDD 
SECTION: ".abs_section_6"
  _PTDD 
SECTION: ".abs_section_7"
  _PTDDD 
SECTION: ".abs_section_8"
  _PTED 
SECTION: ".abs_section_9"
  _PTEDD 
SECTION: ".abs_section_a"
  _PTFD 
SECTION: ".abs_section_b"
  _PTFDD 
SECTION: ".abs_section_c"
  _PTGD 
SECTION: ".abs_section_d"
  _PTGDD 
SECTION: ".abs_section_e"
  _ACMPSC 
SECTION: ".abs_section_10"
  _ADCSC1 
SECTION: ".abs_section_11"
  _ADCSC2 
SECTION: ".abs_section_16"
  _ADCCFG 
SECTION: ".abs_section_17"
  _APCTL1 
SECTION: ".abs_section_18"
  _APCTL2 
SECTION: ".abs_section_1b"
  _IRQSC 
SECTION: ".abs_section_1c"
  _KBISC 
SECTION: ".abs_section_1d"
  _KBIPE 
SECTION: ".abs_section_1e"
  _KBIES 
SECTION: ".abs_section_20"
  _TPM1SC 
SECTION: ".abs_section_25"
  _TPM1C0SC 
SECTION: ".abs_section_28"
  _TPM1C1SC 
SECTION: ".abs_section_2b"
  _TPM1C2SC 
SECTION: ".abs_section_2e"
  _TPM1C3SC 
SECTION: ".abs_section_31"
  _TPM1C4SC 
SECTION: ".abs_section_34"
  _TPM1C5SC 
SECTION: ".abs_section_3a"
  _SCI1C1 
SECTION: ".abs_section_3b"
  _SCI1C2 
SECTION: ".abs_section_3c"
  _SCI1S1 
SECTION: ".abs_section_3d"
  _SCI1S2 
SECTION: ".abs_section_3e"
  _SCI1C3 
SECTION: ".abs_section_3f"
  _SCI1D 
SECTION: ".abs_section_42"
  _SCI2C1 
SECTION: ".abs_section_43"
  _SCI2C2 
SECTION: ".abs_section_44"
  _SCI2S1 
SECTION: ".abs_section_45"
  _SCI2S2 
SECTION: ".abs_section_46"
  _SCI2C3 
SECTION: ".abs_section_47"
  _SCI2D 
SECTION: ".abs_section_48"
  _MCGC1 
SECTION: ".abs_section_49"
  _MCGC2 
SECTION: ".abs_section_4a"
  _MCGTRM 
SECTION: ".abs_section_4b"
  _MCGSC 
SECTION: ".abs_section_4c"
  _MCGC3 
SECTION: ".abs_section_50"
  _SPI1C1 
SECTION: ".abs_section_51"
  _SPI1C2 
SECTION: ".abs_section_52"
  _SPI1BR 
SECTION: ".abs_section_53"
  _SPI1S 
SECTION: ".abs_section_58"
  _IICA 
SECTION: ".abs_section_59"
  _IICF 
SECTION: ".abs_section_5a"
  _IICC1 
SECTION: ".abs_section_5b"
  _IICS 
SECTION: ".abs_section_5c"
  _IICD 
SECTION: ".abs_section_5d"
  _IICC2 
SECTION: ".abs_section_60"
  _TPM2SC 
SECTION: ".abs_section_65"
  _TPM2C0SC 
SECTION: ".abs_section_68"
  _TPM2C1SC 
SECTION: ".abs_section_6c"
  _RTCSC 
SECTION: ".abs_section_6d"
  _RTCCNT 
SECTION: ".abs_section_6e"
  _RTCMOD 
SECTION: ".abs_section_70"
  _SPI2C1 
SECTION: ".abs_section_71"
  _SPI2C2 
SECTION: ".abs_section_72"
  _SPI2BR 
SECTION: ".abs_section_73"
  _SPI2S 
SECTION: ".abs_section_80"
  _USBCTL0 
SECTION: ".abs_section_88"
  _PERID 
SECTION: ".abs_section_89"
  _IDCOMP 
SECTION: ".abs_section_8a"
  _REV 
SECTION: ".abs_section_90"
  _INTSTAT 
SECTION: ".abs_section_91"
  _INTENB 
SECTION: ".abs_section_92"
  _ERRSTAT 
SECTION: ".abs_section_93"
  _ERRENB 
SECTION: ".abs_section_94"
  _STAT 
SECTION: ".abs_section_95"
  _CTL 
SECTION: ".abs_section_96"
  _ADDR 
SECTION: ".abs_section_97"
  _FRMNUML 
SECTION: ".abs_section_98"
  _FRMNUMH 
SECTION: ".abs_section_9d"
  _EPCTL0 
SECTION: ".abs_section_9e"
  _EPCTL1 
SECTION: ".abs_section_9f"
  _EPCTL2 
SECTION: ".abs_section_a0"
  _EPCTL3 
SECTION: ".abs_section_a1"
  _EPCTL4 
SECTION: ".abs_section_a2"
  _EPCTL5 
SECTION: ".abs_section_a3"
  _EPCTL6 
SECTION: ".abs_section_1800"
  _SRS 
SECTION: ".abs_section_1801"
  _SBDFR 
SECTION: ".abs_section_1802"
  _SOPT1 
SECTION: ".abs_section_1803"
  _SOPT2 
SECTION: ".abs_section_1809"
  _SPMSC1 
SECTION: ".abs_section_180a"
  _SPMSC2 
SECTION: ".abs_section_1816"
  _DBGC 
SECTION: ".abs_section_1817"
  _DBGT 
SECTION: ".abs_section_1818"
  _DBGS 
SECTION: ".abs_section_1820"
  _FCDIV 
SECTION: ".abs_section_1821"
  _FOPT 
SECTION: ".abs_section_1823"
  _FCNFG 
SECTION: ".abs_section_1824"
  _FPROT 
SECTION: ".abs_section_1825"
  _FSTAT 
SECTION: ".abs_section_1826"
  _FCMD 
SECTION: ".abs_section_1840"
  _PTAPE 
SECTION: ".abs_section_1841"
  _PTASE 
SECTION: ".abs_section_1842"
  _PTADS 
SECTION: ".abs_section_1844"
  _PTBPE 
SECTION: ".abs_section_1845"
  _PTBSE 
SECTION: ".abs_section_1846"
  _PTBDS 
SECTION: ".abs_section_1848"
  _PTCPE 
SECTION: ".abs_section_1849"
  _PTCSE 
SECTION: ".abs_section_184a"
  _PTCDS 
SECTION: ".abs_section_184c"
  _PTDPE 
SECTION: ".abs_section_184d"
  _PTDSE 
SECTION: ".abs_section_184e"
  _PTDDS 
SECTION: ".abs_section_1850"
  _PTEPE 
SECTION: ".abs_section_1851"
  _PTESE 
SECTION: ".abs_section_1852"
  _PTEDS 
SECTION: ".abs_section_1854"
  _PTFPE 
SECTION: ".abs_section_1855"
  _PTFSE 
SECTION: ".abs_section_1856"
  _PTFDS 
SECTION: ".abs_section_1858"
  _PTGPE 
SECTION: ".abs_section_1859"
  _PTGSE 
SECTION: ".abs_section_185a"
  _PTGDS 
SECTION: ".abs_section_12"
  _ADCR 
SECTION: ".abs_section_14"
  _ADCCV 
SECTION: ".abs_section_21"
  _TPM1CNT 
SECTION: ".abs_section_23"
  _TPM1MOD 
SECTION: ".abs_section_26"
  _TPM1C0V 
SECTION: ".abs_section_29"
  _TPM1C1V 
SECTION: ".abs_section_2c"
  _TPM1C2V 
SECTION: ".abs_section_2f"
  _TPM1C3V 
SECTION: ".abs_section_32"
  _TPM1C4V 
SECTION: ".abs_section_35"
  _TPM1C5V 
SECTION: ".abs_section_38"
  _SCI1BD 
SECTION: ".abs_section_40"
  _SCI2BD 
SECTION: ".abs_section_54"
  _SPI1D16 
SECTION: ".abs_section_56"
  _SPI1M 
SECTION: ".abs_section_61"
  _TPM2CNT 
SECTION: ".abs_section_63"
  _TPM2MOD 
SECTION: ".abs_section_66"
  _TPM2C0V 
SECTION: ".abs_section_69"
  _TPM2C1V 
SECTION: ".abs_section_74"
  _SPI2D16 
SECTION: ".abs_section_76"
  _SPI2M 
SECTION: ".abs_section_1806"
  _SDID 
SECTION: ".abs_section_1810"
  _DBGCA 
SECTION: ".abs_section_1812"
  _DBGCB 
SECTION: ".abs_section_1814"
  _DBGF 
SECTION: ".abs_section_ffd0"
  _Vector_23 
SECTION: ".abs_section_ffe0"
  _Vector_15 

*********************************************************************************************
OBJECT LIST SORTED BY ADDRESS
     Name                                      Addr   hSize   dSize     Ref    Section   RLIB
---------------------------------------------------------------------------------------------
     _PTAD                                        0       1       1      23   .abs_section_0
     _LCD_Port_Data                               0       1       1      34   .abs_section_0
     _PTADD                                       1       1       1       8   .abs_section_1
     _LCD_Port_Data_Dir                           1       1       1       2   .abs_section_1
     _PTBD                                        2       1       1       0   .abs_section_2
     _PTBDD                                       3       1       1       0   .abs_section_3
     _PTCD                                        4       1       1      36   .abs_section_4
     _PTCDD                                       5       1       1       3   .abs_section_5
     _PTDD                                        6       1       1       0   .abs_section_6
     _PTDDD                                       7       1       1       0   .abs_section_7
     _PTED                                        8       1       1       0   .abs_section_8
     _PTEDD                                       9       1       1       0   .abs_section_9
     _PTFD                                        A       1       1       0   .abs_section_a
     _PTFDD                                       B       1       1       0   .abs_section_b
     _PTGD                                        C       1       1       0   .abs_section_c
     _PTGDD                                       D       1       1       0   .abs_section_d
     _ACMPSC                                      E       1       1       0   .abs_section_e
     _ADCSC1                                     10       1       1       0   .abs_section_10
     _ADCSC2                                     11       1       1       0   .abs_section_11
     _ADCR                                       12       2       2       0   .abs_section_12
     _ADCCV                                      14       2       2       0   .abs_section_14
     _ADCCFG                                     16       1       1       0   .abs_section_16
     _APCTL1                                     17       1       1       0   .abs_section_17
     _APCTL2                                     18       1       1       0   .abs_section_18
     _IRQSC                                      1B       1       1       0   .abs_section_1b
     _KBISC                                      1C       1       1       0   .abs_section_1c
     _KBIPE                                      1D       1       1       0   .abs_section_1d
     _KBIES                                      1E       1       1       0   .abs_section_1e
     _TPM1SC                                     20       1       1       6   .abs_section_20
     _TPM1CNT                                    21       2       2       0   .abs_section_21
     _TPM1MOD                                    23       2       2       1   .abs_section_23
     _TPM1C0SC                                   25       1       1       0   .abs_section_25
     _TPM1C0V                                    26       2       2       0   .abs_section_26
     _TPM1C1SC                                   28       1       1       0   .abs_section_28
     _TPM1C1V                                    29       2       2       0   .abs_section_29
     _TPM1C2SC                                   2B       1       1       0   .abs_section_2b
     _TPM1C2V                                    2C       2       2       0   .abs_section_2c
     _TPM1C3SC                                   2E       1       1       0   .abs_section_2e
     _TPM1C3V                                    2F       2       2       0   .abs_section_2f
     _TPM1C4SC                                   31       1       1       0   .abs_section_31
     _TPM1C4V                                    32       2       2       0   .abs_section_32
     _TPM1C5SC                                   34       1       1       0   .abs_section_34
     _TPM1C5V                                    35       2       2       0   .abs_section_35
     _SCI1BD                                     38       2       2       0   .abs_section_38
     _SCI1C1                                     3A       1       1       0   .abs_section_3a
     _SCI1C2                                     3B       1       1       0   .abs_section_3b
     _SCI1S1                                     3C       1       1       0   .abs_section_3c
     _SCI1S2                                     3D       1       1       0   .abs_section_3d
     _SCI1C3                                     3E       1       1       0   .abs_section_3e
     _SCI1D                                      3F       1       1       0   .abs_section_3f
     _SCI2BD                                     40       2       2       1   .abs_section_40
     _SCI2C1                                     42       1       1       0   .abs_section_42
     _SCI2C2                                     43       1       1       1   .abs_section_43
     _SCI2S1                                     44       1       1       2   .abs_section_44
     _SCI2S2                                     45       1       1       0   .abs_section_45
     _SCI2C3                                     46       1       1       0   .abs_section_46
     _SCI2D                                      47       1       1       2   .abs_section_47
     _MCGC1                                      48       1       1       5   .abs_section_48
     _MCGC2                                      49       1       1       3   .abs_section_49
     _MCGTRM                                     4A       1       1       0   .abs_section_4a
     _MCGSC                                      4B       1       1       6   .abs_section_4b
     _MCGC3                                      4C       1       1       1   .abs_section_4c
     _SPI1C1                                     50       1       1       0   .abs_section_50
     _SPI1C2                                     51       1       1       0   .abs_section_51
     _SPI1BR                                     52       1       1       0   .abs_section_52
     _SPI1S                                      53       1       1       0   .abs_section_53
     _SPI1D16                                    54       2       2       0   .abs_section_54
     _SPI1M                                      56       2       2       0   .abs_section_56
     _IICA                                       58       1       1       0   .abs_section_58
     _IICF                                       59       1       1       0   .abs_section_59
     _IICC1                                      5A       1       1       0   .abs_section_5a
     _IICS                                       5B       1       1       0   .abs_section_5b
     _IICD                                       5C       1       1       0   .abs_section_5c
     _IICC2                                      5D       1       1       0   .abs_section_5d
     _TPM2SC                                     60       1       1       0   .abs_section_60
     _TPM2CNT                                    61       2       2       0   .abs_section_61
     _TPM2MOD                                    63       2       2       0   .abs_section_63
     _TPM2C0SC                                   65       1       1       0   .abs_section_65
     _TPM2C0V                                    66       2       2       0   .abs_section_66
     _TPM2C1SC                                   68       1       1       0   .abs_section_68
     _TPM2C1V                                    69       2       2       0   .abs_section_69
     _RTCSC                                      6C       1       1       0   .abs_section_6c
     _RTCCNT                                     6D       1       1       0   .abs_section_6d
     _RTCMOD                                     6E       1       1       0   .abs_section_6e
     _SPI2C1                                     70       1       1       0   .abs_section_70
     _SPI2C2                                     71       1       1       0   .abs_section_71
     _SPI2BR                                     72       1       1       0   .abs_section_72
     _SPI2S                                      73       1       1       0   .abs_section_73
     _SPI2D16                                    74       2       2       0   .abs_section_74
     _SPI2M                                      76       2       2       0   .abs_section_76
     _USBCTL0                                    80       1       1       0   .abs_section_80
     _PERID                                      88       1       1       0   .abs_section_88
     _IDCOMP                                     89       1       1       0   .abs_section_89
     _REV                                        8A       1       1       0   .abs_section_8a
     _INTSTAT                                    90       1       1       0   .abs_section_90
     _INTENB                                     91       1       1       0   .abs_section_91
     _ERRSTAT                                    92       1       1       0   .abs_section_92
     _ERRENB                                     93       1       1       0   .abs_section_93
     _STAT                                       94       1       1       0   .abs_section_94
     _CTL                                        95       1       1       0   .abs_section_95
     _ADDR                                       96       1       1       0   .abs_section_96
     _FRMNUML                                    97       1       1       0   .abs_section_97
     _FRMNUMH                                    98       1       1       0   .abs_section_98
     _EPCTL0                                     9D       1       1       0   .abs_section_9d
     _EPCTL1                                     9E       1       1       0   .abs_section_9e
     _EPCTL2                                     9F       1       1       0   .abs_section_9f
     _EPCTL3                                     A0       1       1       0   .abs_section_a0
     _EPCTL4                                     A1       1       1       0   .abs_section_a1
     _EPCTL5                                     A2       1       1       0   .abs_section_a2
     _EPCTL6                                     A3       1       1       0   .abs_section_a3
     _var_rtc                                   100       7       7      45   .bss        
     _char_i2c_tx_rx                            107       1       1      14   .bss        
     countr                                     108       1       1       9   .bss        
     count                                      109       1       1       2   .bss        
     valorx                                     10A       1       1      11   .bss        
     _INT_EVENTS                                10B       1       1       7   .bss        
     ValuesToRead                               10C      30      48      20   .common     
     _SRS                                      1800       1       1       0   .abs_section_1800
     _SBDFR                                    1801       1       1       0   .abs_section_1801
     _SOPT1                                    1802       1       1       1   .abs_section_1802
     _SOPT2                                    1803       1       1       0   .abs_section_1803
     _SDID                                     1806       2       2       0   .abs_section_1806
     _SPMSC1                                   1809       1       1       0   .abs_section_1809
     _SPMSC2                                   180A       1       1       0   .abs_section_180a
     _DBGCA                                    1810       2       2       0   .abs_section_1810
     _DBGCB                                    1812       2       2       0   .abs_section_1812
     _DBGF                                     1814       2       2       0   .abs_section_1814
     _DBGC                                     1816       1       1       0   .abs_section_1816
     _DBGT                                     1817       1       1       0   .abs_section_1817
     _DBGS                                     1818       1       1       0   .abs_section_1818
     _FCDIV                                    1820       1       1       0   .abs_section_1820
     _FOPT                                     1821       1       1       0   .abs_section_1821
     _FCNFG                                    1823       1       1       0   .abs_section_1823
     _FPROT                                    1824       1       1       0   .abs_section_1824
     _FSTAT                                    1825       1       1       0   .abs_section_1825
     _FCMD                                     1826       1       1       0   .abs_section_1826
     _PTAPE                                    1840       1       1       0   .abs_section_1840
     _PTASE                                    1841       1       1       0   .abs_section_1841
     _PTADS                                    1842       1       1       0   .abs_section_1842
     _PTBPE                                    1844       1       1       0   .abs_section_1844
     _PTBSE                                    1845       1       1       0   .abs_section_1845
     _PTBDS                                    1846       1       1       0   .abs_section_1846
     _PTCPE                                    1848       1       1       0   .abs_section_1848
     _PTCSE                                    1849       1       1       0   .abs_section_1849
     _PTCDS                                    184A       1       1       0   .abs_section_184a
     _PTDPE                                    184C       1       1       0   .abs_section_184c
     _PTDSE                                    184D       1       1       0   .abs_section_184d
     _PTDDS                                    184E       1       1       0   .abs_section_184e
     _PTEPE                                    1850       1       1       0   .abs_section_1850
     _PTESE                                    1851       1       1       0   .abs_section_1851
     _PTEDS                                    1852       1       1       0   .abs_section_1852
     _PTFPE                                    1854       1       1       0   .abs_section_1854
     _PTFSE                                    1855       1       1       0   .abs_section_1855
     _PTFDS                                    1856       1       1       0   .abs_section_1856
     _PTGPE                                    1858       1       1       0   .abs_section_1858
     _PTGSE                                    1859       1       1       0   .abs_section_1859
     _PTGDS                                    185A       1       1       0   .abs_section_185a
     loadByte                                  1960       E      14       5   .init       
     Init                                      196E      6D     109       1   .init       
     _Startup                                  19DB       9       9       0   .init       
     lcdMsg1                                   19F6       F      15       1   .rodata     
     lcdMsg5                                   1A05      11      17       2   .rodata     
     lcdMsg6                                   1A16      11      17       2   .rodata     
     lcdMsg3                                   1A27      1D      29       1   .rodata     
     lcdMsgRTCError                            1A44       A      10       1   .rodata     
     mdia1                                     1A4E       6       6       1   .rodata     
     mdia2                                     1A54       7       7       1   .rodata     
     mdia3                                     1A5B       A      10       1   .rodata     
     mdia4                                     1A65       7       7       1   .rodata     
     mdia5                                     1A6C       8       8       1   .rodata     
     mdia6                                     1A74       7       7       1   .rodata     
     mdia7                                     1A7B       8       8       1   .rodata     
     main                                      1A83      20      32       1   .text       
     Write_Data_I2C                            1AA3      3E      62       2   .text       
     Write_Data_RTC_I2C                        1AE1      5C      92       2   .text       
     Read_Data_RTC_I2C                         1B3D      94     148       1   .text       
     _Start_I2C                                1BD1      16      22       4   .text       
     _Re_Start_I2C                             1BE7       2       2       1   .text       
     _Write_Frame_I2C                          1BE9      5C      92       8   .text       
     _Read_Frame_I2C                           1C45      5C      92       1   .text       
     _Stop_I2C                                 1CA1      11      17       6   .text       
     _Delay_I2C                                1CB2      6E     110      13   .text       
     Process_Events                            1D20     175     373       7   .text       
     SYSTEM_INIT                               1E95       6       6       1   .text       
     MCG_Init                                  1E9B      38      56       1   .text       
     LCD_Clear                                 1ED3      3A      58       2   .text       
     LCD_EntryModSet                           1F0D      52      82       1   .text       
     LCD_OnOffControl                          1F5F      58      88       1   .text       
     LCD_FunctionSet                           1FB7      58      88       1   .text       
     LCD_SetAddrDDRAM                          200F      51      81       3   .text       
     LCD_SetDataRAM                            2060      49      73       3   .text       
     LCD_Initialize                            20A9      22      34       1   .text       
     LCDWriteMsg                               20CB      27      39       7   .text       
     LCDWriteCenterMsg                         20F2      36      54       1   .text       
     LCDClearLine                              2128      1F      31       1   .text       
     tDelay                                    2147      17      23       8   .text       
     tDelayLarge                               215E     988    2440       4   .text       
     LCD_Init                                  2AE6      51      81       1   .text       
     RealTimeClock_Read                        2B37     146     326       5   .text       
     RealTimeClock_Init                        2C7D      D2     210       1   .text       
     SCI_Init                                  2D4F       7       7       1   .text       
     SCI_ISR                                   2D56      11      17       1   .text       
     TPM_Init                                  2D67      10      16       1   .text       
     TPM1_Ov_ISR                               2D77       E      14       1   .text       
     _IMUL_STAR08                              2D85      27      39       1   .text       
     _ICMP                                     2DAC      16      22       1   .text       
     _Jump_Table_Header_Offset                 2DC2      24      36       1   .text       
     strlen                                    2DE6      27      39       1   .text       
     _Vector_23                                FFD0       2       2       0   .abs_section_ffd0
     _Vector_15                                FFE0       2       2       0   .abs_section_ffe0

*********************************************************************************************
UNUSED-OBJECTS SECTION
---------------------------------------------------------------------------------------------
NOT USED PROCEDURES
driver_i2c_c.obj:
  Read_Data_I2C Write_Data_EEPROM_I2C Fill_Data_EEPROM_I2C 
  _Write_Data_EEPROM_I2C Read_Data_EEPROM_I2C 
lcd_c.obj:
  LCD_CurAtHome LCD_CurDispShift LCD_SetAddrCGRAM PrintCG_Char 
  LCDWriteMsgWithoutStart LCDWriteReverseCenterMsg Print_Personalizated_Chars 
rtshc08.o (ansiis.lib):
  _PUSH_ARGS_L _PUSH_ARGS_D _ENTER_UNARY_L _ENTER_UNARY_L64 _ENTER_UNARY_L64_4 
  _ENTER_BINARY_L _ENTER_BINARY_L_RC _ENTER_BINARY_L_LC _ENTER_BINARY_L64 
  _ENTER_BINARY_L64_LC _ENTER_BINARY_L64_RC _IDIVMOD _SPLITSIGN 
  _LADD_k_is_k_plus_j _k_is_k_plus_j_l _k_is_k_plus_j_i _LSUB_k_is_k_minus_j 
  _LAND_k_is_k_and_j _LOR_k_is_k_or_j _LXOR_k_is_k_xor_j _LMUL_k_is_k_mul_j 
  _LDIVMOD _NEG_L_HX _ABS_L_HX _SPLITSIGN_L _LMODU_k_is_k_mod_j 
  _LDIVU_k_is_k_div_j _LMODS_k_is_k_mod_j _LDIVS_k_is_k_div_j _LCMP_k_rel_j 
  _CMP24_k_rel_j _BMULS _BDIVS _BMODS _IDIVS_STAR08 _IDIVU_STAR08 _IMODS_STAR08 
  _IMODU_STAR08 _IDIVU_8 _IMODU_8 _IASR _ILSR _ILSL _LINC _LDEC _LNEG _LNOT 
  _LADD _LADD_RC _LSUB _LSUB_LC _LSUB_RC _LAND _LAND_RC _LOR _LOR_RC _LXOR 
  _LXOR_RC _LMUL _LMUL_RC _LDIVS _LDIVS_LC _LDIVS_RC _LDIVU _LDIVU_LC _LDIVU_RC 
  _LMODS _LMODS_LC _LMODS_RC _LMODU _LMODU_LC _LMODU_RC _LASR _LLSR _LLSL _LCMP 
  _LCMP_RC _PUSH_ARGS_24 _ENTER_BINARY_24_RC _ENTER_BINARY_24 _CMP24 _CMP24_RC 
  _COPY _COPY_L _POP32 _POP64 _STORE32 _STORE64 _SEXT8_32 _SEXT16_32 
  _CALL_STAR08 _CALL_STAR08_FAR _Jump_Table_Addr _Jump_Table_Offset 
  _Jump_Table_Header_Addr _Search_Table_16_Addr _Search_Table_16_Offset 
  _Search_Table_8_Addr _Search_Table_8_Offset _PUSH_CC _POP_CC 
  _CONV_FAR_TO_NEAR _CONV_FAR_TO_LINEAR _CONV_LINEAR_TO_FAR 
string.o (ansiis.lib):
  strerror memchr memcmp memcpy2 memcpy _memcpy_8bitCount memmove memset 
  _memset_clear_8bitCount strset strcat strncat strcpy strncpy strcmp strncmp 
  strchr strrchr strspn strcspn strpbrk strstr strtok strcoll strxfrm 
NOT USED VARIABLES
lcd_c.obj:
  CG_GasStat CG_PacMan CG_Man CG_HatHappy cnt_BackLight_Time 
realtimec_c.obj:
  lcdMsg4 
rtshc08.o (ansiis.lib):
  _PowOfTwo_8 _PowOfTwo_16 _PowOfTwo_32 errno 
string.o (ansiis.lib):
  STRING..1 next.2 

*********************************************************************************************
COPYDOWN SECTION
---------------------------------------------------------------------------------------------
------- ROM-ADDRESS: 0x2E0D ---- SIZE       2 ---
Filling bytes inserted
 0000

*********************************************************************************************
OBJECT-DEPENDENCIES SECTION
---------------------------------------------------------------------------------------------
Init                      USES _startupData loadByte 
_Startup                  USES __SEG_END_SSTACK Init main 
main                      USES SYSTEM_INIT MCG_Init LCD_Init TPM_Init SCI_Init 
                                RealTimeClock_Init _INT_EVENTS Process_Events 
Write_Data_I2C            USES _Start_I2C _Write_Frame_I2C _Stop_I2C 
Write_Data_RTC_I2C        USES Write_Data_I2C _Start_I2C _Write_Frame_I2C 
                                _Stop_I2C 
Read_Data_RTC_I2C         USES Write_Data_I2C _Start_I2C _Write_Frame_I2C 
                                _Re_Start_I2C _Stop_I2C _ICMP _Read_Frame_I2C 
_Start_I2C                USES _PTAD _PTADD _Delay_I2C 
_Re_Start_I2C             USES _Start_I2C 
_Write_Frame_I2C          USES _char_i2c_tx_rx _PTAD _Delay_I2C _PTADD 
_Read_Frame_I2C           USES _char_i2c_tx_rx _PTAD _PTADD _Delay_I2C 
_Stop_I2C                 USES _PTAD _Delay_I2C _PTADD 
Process_Events            USES _INT_EVENTS RealTimeClock_Read countr valorx 
                                _var_rtc Process_Events Write_Data_RTC_I2C _SCI2S1 
                                _SCI2D 
SYSTEM_INIT               USES _SOPT1 
MCG_Init                  USES _MCGC2 _MCGSC _MCGC1 _MCGC3 
LCD_Clear                 USES _PTCD _LCD_Port_Data tDelay 
LCD_EntryModSet           USES _PTCD _LCD_Port_Data tDelay 
LCD_OnOffControl          USES _PTCD _LCD_Port_Data tDelay 
LCD_FunctionSet           USES _PTCD _LCD_Port_Data tDelay 
LCD_SetAddrDDRAM          USES _PTCD _LCD_Port_Data tDelay 
LCD_SetDataRAM            USES _PTCD _LCD_Port_Data tDelay 
LCD_Initialize            USES _PTCD _LCD_Port_Data 
LCDWriteMsg               USES LCD_SetAddrDDRAM LCD_SetDataRAM tDelayLarge 
LCDWriteCenterMsg         USES strlen LCD_SetAddrDDRAM LCD_SetDataRAM 
                                tDelayLarge 
LCDClearLine              USES LCD_SetAddrDDRAM LCD_SetDataRAM tDelayLarge 
tDelayLarge               USES _IMUL_STAR08 tDelayLarge 
LCD_Init                  USES _PTCDD _LCD_Port_Data_Dir _PTCD _LCD_Port_Data 
                                tDelay LCD_FunctionSet LCD_OnOffControl LCD_Clear 
                                LCD_EntryModSet LCD_Initialize 
RealTimeClock_Read        USES _var_rtc Read_Data_RTC_I2C lcdMsg5 LCDWriteMsg 
                                lcdMsg6 RealTimeClock_Read LCDClearLine 
                                _Jump_Table_Header_Offset mdia1 mdia2 mdia3 mdia4 mdia5 mdia6 mdia7 
                                ValuesToRead 
RealTimeClock_Init        USES lcdMsg1 LCDWriteCenterMsg count LCD_Clear 
                                _var_rtc Write_Data_RTC_I2C lcdMsgRTCError lcdMsg3 
                                LCDWriteMsg lcdMsg5 lcdMsg6 
SCI_Init                  USES _SCI2BD _SCI2C2 
SCI_ISR                   USES _SCI2S1 _SCI2D valorx _INT_EVENTS 
TPM_Init                  USES _TPM1SC _TPM1MOD 
TPM1_Ov_ISR               USES _TPM1SC _INT_EVENTS 
_Vector_23                USES SCI_ISR 
_Vector_15                USES TPM1_Ov_ISR 

*********************************************************************************************
DEPENDENCY TREE
*********************************************************************************************
 main and _Startup Group
 | 
 +- main                
 |  | 
 |  +- SYSTEM_INIT         
 |  |    
 |  +- MCG_Init            
 |  |    
 |  +- LCD_Init            
 |  |  | 
 |  |  +- tDelay              
 |  |  |    
 |  |  +- LCD_FunctionSet     
 |  |  |  | 
 |  |  |  +- tDelay               (see above)
 |  |  |     
 |  |  +- LCD_OnOffControl    
 |  |  |  | 
 |  |  |  +- tDelay               (see above)
 |  |  |     
 |  |  +- LCD_Clear           
 |  |  |  | 
 |  |  |  +- tDelay               (see above)
 |  |  |     
 |  |  +- LCD_EntryModSet     
 |  |  |  | 
 |  |  |  +- tDelay               (see above)
 |  |  |     
 |  |  +- LCD_Initialize      
 |  |       
 |  +- TPM_Init            
 |  |    
 |  +- SCI_Init            
 |  |    
 |  +- RealTimeClock_Init  
 |  |  | 
 |  |  +- LCDWriteCenterMsg   
 |  |  |  | 
 |  |  |  +- strlen              
 |  |  |  |    
 |  |  |  +- LCD_SetAddrDDRAM    
 |  |  |  |  | 
 |  |  |  |  +- tDelay               (see above)
 |  |  |  |     
 |  |  |  +- LCD_SetDataRAM      
 |  |  |  |  | 
 |  |  |  |  +- tDelay               (see above)
 |  |  |  |     
 |  |  |  +- tDelayLarge         
 |  |  |     | 
 |  |  |     +- _IMUL_STAR08        
 |  |  |          
 |  |  +- LCD_Clear            (see above)
 |  |  |  
 |  |  +- Write_Data_RTC_I2C  
 |  |  |  | 
 |  |  |  +- Write_Data_I2C      
 |  |  |  |  | 
 |  |  |  |  +- _Start_I2C          
 |  |  |  |  |  | 
 |  |  |  |  |  +- _Delay_I2C          
 |  |  |  |  |       
 |  |  |  |  +- _Write_Frame_I2C    
 |  |  |  |  |  | 
 |  |  |  |  |  +- _Delay_I2C           (see above)
 |  |  |  |  |     
 |  |  |  |  +- _Stop_I2C           
 |  |  |  |     | 
 |  |  |  |     +- _Delay_I2C           (see above)
 |  |  |  |        
 |  |  |  +- _Start_I2C           (see above)
 |  |  |  |  
 |  |  |  +- _Write_Frame_I2C     (see above)
 |  |  |  |  
 |  |  |  +- _Stop_I2C            (see above)
 |  |  |     
 |  |  +- LCDWriteMsg         
 |  |     | 
 |  |     +- LCD_SetAddrDDRAM     (see above)
 |  |     |  
 |  |     +- LCD_SetDataRAM       (see above)
 |  |     |  
 |  |     +- tDelayLarge          (see above)
 |  |        
 |  +- Process_Events      
 |     | 
 |     +- RealTimeClock_Read  
 |     |  | 
 |     |  +- Read_Data_RTC_I2C   
 |     |  |  | 
 |     |  |  +- Write_Data_I2C       (see above)
 |     |  |  |  
 |     |  |  +- _Start_I2C           (see above)
 |     |  |  |  
 |     |  |  +- _Write_Frame_I2C     (see above)
 |     |  |  |  
 |     |  |  +- _Re_Start_I2C       
 |     |  |  |  | 
 |     |  |  |  +- _Start_I2C           (see above)
 |     |  |  |     
 |     |  |  +- _Stop_I2C            (see above)
 |     |  |  |  
 |     |  |  +- _ICMP               
 |     |  |  |    
 |     |  |  +- _Read_Frame_I2C     
 |     |  |     | 
 |     |  |     +- _Delay_I2C           (see above)
 |     |  |        
 |     |  +- LCDWriteMsg          (see above)
 |     |  |  
 |     |  +- LCDClearLine        
 |     |  |  | 
 |     |  |  +- LCD_SetAddrDDRAM     (see above)
 |     |  |  |  
 |     |  |  +- LCD_SetDataRAM       (see above)
 |     |  |  |  
 |     |  |  +- tDelayLarge          (see above)
 |     |  |     
 |     |  +- _Jump_Table_Header_Offset
 |     |       
 |     +- Write_Data_RTC_I2C   (see above)
 |        
 +- _Startup            
    | 
    +- Init                
    |  | 
    |  +- loadByte            
    |       
    +- main                 (see above)
       
 _Vector_23          
 | 
 +- SCI_ISR             
      
 _Vector_15          
 | 
 +- TPM1_Ov_ISR         
      
*********************************************************************************************
STATISTIC SECTION
---------------------------------------------------------------------------------------------

ExeFile:
--------
Number of blocks to be downloaded: 7
Total size of all blocks to be downloaded: 5301

